// Jest Snapshot v1, https://goo.gl/fbAQLP

exports[`<Footer /> Tests should render correctly 1`] = `<Footer />`;
